// Jest Snapshot v1, https://goo.gl/fbAQLP

exports[`Box should Box render correctly 1`] = `
<DocumentFragment>
  <div
    class="sc-bdfBwQ hkRHVq"
  >
    <span>
      fake pokemon
    </span>
  </div>
</DocumentFragment>
`;
