// Jest Snapshot v1, https://goo.gl/fbAQLP

exports[`LoadingState should LoadingState render correctly 1`] = `
<DocumentFragment>
  <h3>
    Loading...
  </h3>
</DocumentFragment>
`;
