// Jest Snapshot v1, https://goo.gl/fbAQLP

exports[`EmptyState should EmptyState render correctly 1`] = `
<DocumentFragment>
  <h3>
    Something Went Wrong
  </h3>
</DocumentFragment>
`;
