// Jest Snapshot v1, https://goo.gl/fbAQLP

exports[`Header should Header render correctly 1`] = `
<DocumentFragment>
  <div
    class="sc-bdfBwQ VIZhq"
    id="header"
  >
    <a
      href="/"
    >
      <span>
        poke App
      </span>
    </a>
  </div>
</DocumentFragment>
`;
